#-----------------------------------------------------------
# PlanAhead v14.7 (64-bit)
# Build 321239 by xbuild on Fri Sep 27 19:29:51 MDT 2013
# Start of session at: Thu May 26 20:44:03 2016
# Process ID: 6552
# Log file: D:/IS/CNC/planAhead_run_3/planAhead.log
# Journal file: D:/IS/CNC/planAhead_run_3/planAhead.jou
#-----------------------------------------------------------
start_gui
source D:/IS/CNC/pa.fromHdl.tcl
update_compile_order -fileset sim_1
set_property package_pin "" [get_ports [list  {bobina_x[0]}]]
startgroup
set_property package_pin D7 [get_ports {bobina_x[3]}]
endgroup
startgroup
set_property package_pin C7 [get_ports {bobina_x[2]}]
endgroup
startgroup
set_property package_pin F8 [get_ports {bobina_x[1]}]
endgroup
startgroup
set_property package_pin E8 [get_ports {bobina_x[0]}]
endgroup
startgroup
set_property package_pin B4 [get_ports {bobina_y[3]}]
endgroup
startgroup
set_property package_pin A4 [get_ports {bobina_y[2]}]
endgroup
startgroup
set_property package_pin D5 [get_ports {bobina_y[1]}]
endgroup
startgroup
set_property package_pin C5 [get_ports {bobina_y[0]}]
endgroup
startgroup
set_property package_pin A6 [get_ports {bobina_z[3]}]
endgroup
startgroup
set_property package_pin B6 [get_ports {bobina_z[2]}]
endgroup
startgroup
set_property package_pin E7 [get_ports {bobina_z[1]}]
endgroup
save_constraints
